#
# There is insufficient memory for the Java Runtime Environment to continue.
# Native memory allocation (malloc) failed to allocate 356944 bytes. Error detail: Chunk::new
# Possible reasons:
#   The system is out of physical RAM or swap space
#   This process is running with CompressedOops enabled, and the Java Heap may be blocking the growth of the native heap
# Possible solutions:
#   Reduce memory load on the system
#   Increase physical memory or swap space
#   Check if swap backing store is full
#   Decrease Java heap size (-Xmx/-Xms)
#   Decrease number of Java threads
#   Decrease Java thread stack sizes (-Xss)
#   Set larger code cache with -XX:ReservedCodeCacheSize=
#   JVM is running with Unscaled Compressed Oops mode in which the Java heap is
#     placed in the first 4GB address space. The Java Heap base address is the
#     maximum limit for the native heap growth. Please use -XX:HeapBaseMinAddress
#     to set the Java Heap base and to place the Java Heap above 4GB virtual address.
# This output file may be truncated or incomplete.
#
#  Out of Memory Error (arena.cpp:168), pid=20360, tid=11436
#
# JRE version: OpenJDK Runtime Environment Temurin-21.0.12.1+1 (21.0.12.1+1) (build 21.0.12.1+1-LTS)
# Java VM: OpenJDK 64-Bit Server VM Temurin-21.0.12.1+1 (21.0.12.1+1-LTS, mixed mode, sharing, tiered, compressed oops, compressed class ptrs, parallel gc, windows-amd64)
# No core dump will be written. Minidumps are not enabled by default on client versions of Windows
#

---------------  S U M M A R Y ------------

Command Line: --add-modules=ALL-SYSTEM --add-opens=java.base/java.util=ALL-UNNAMED --add-opens=java.base/java.lang=ALL-UNNAMED --add-opens=java.base/sun.nio.fs=ALL-UNNAMED -Declipse.application=org.eclipse.jdt.ls.core.id1 -Dosgi.bundles.defaultStartLevel=4 -Declipse.product=org.eclipse.jdt.ls.core.product -Djava.import.generatesMetadataFilesAtProjectRoot=false -Dm2e.project.cache.size=50 -DDetectVMInstallationsJob.disabled=true -Dfile.encoding=utf8 -XX:+UseParallelGC -XX:GCTimeRatio=4 -XX:AdaptiveSizePolicyWeight=90 -Dsun.zip.disableMemoryMapping=true -Xmx2G -Xms100m -Xlog:disable -javaagent:c:\Users\USER\.vscode\extensions\redhat.java-1.56.0-win32-x64\lombok\lombok-1.18.39-4050.jar c:\Users\USER\.vscode\extensions\redhat.java-1.56.0-win32-x64\server\plugins\org.eclipse.equinox.launcher_1.8.0.v20260804-1928.jar -configuration c:\Users\USER\AppData\Roaming\Code\User\globalStorage\redhat.java\1.56.0\config_ss_win -data c:\Users\USER\AppData\Roaming\Code\User\workspaceStorage\f70bfde09dcb45074b2506ad71c3a1d0\redhat.java\ss_ws --pipe=\\.\pipe\lsp-df958a06f4c3225a1c7e7e7b71031cb6-sock

Host: Intel(R) Core(TM) i5-8350U CPU @ 1.70GHz, 8 cores, 7G,  Windows 11 , 64 bit Build 26100 (10.0.26100.7019)
Time: Tue Sep 29 12:01:04 2026 SE Asia Standard Time elapsed time: 11.167674 seconds (0d 0h 0m 11s)

---------------  T H R E A D  ---------------

Current thread (0x000001f4c2ae53a0):  JavaThread "C2 CompilerThread0" daemon [_thread_in_native, id=11436, stack(0x0000000aafa00000,0x0000000aafb00000) (1024K)]


Current CompileTask:
C2:11167 1729       4       java.io.WinNTFileSystem::normalize (143 bytes)

Stack: [0x0000000aafa00000,0x0000000aafb00000]
Native frames: (J=compiled Java code, j=interpreted, Vv=VM code, C=native code)
V  [jvm.dll+0x6d83e9]
V  [jvm.dll+0x8b5736]
V  [jvm.dll+0x8b7cee]
V  [jvm.dll+0x8b83d3]
V  [jvm.dll+0x284596]
V  [jvm.dll+0xc685d]
V  [jvm.dll+0xc6da1]
V  [jvm.dll+0x3bf18b]
V  [jvm.dll+0x38b6d2]
V  [jvm.dll+0x38ab1a]
V  [jvm.dll+0x24c700]
V  [jvm.dll+0x24bce0]
V  [jvm.dll+0x1cb4ae]
V  [jvm.dll+0x25baad]
V  [jvm.dll+0x25a03a]
V  [jvm.dll+0x3f8aae]
V  [jvm.dll+0x8600cd]
V  [jvm.dll+0x6d6c1d]
C  [ucrtbase.dll+0x37b0]
C  [KERNEL32.DLL+0x2e8d7]
C  [ntdll.dll+0x8c53c]


---------------  P R O C E S S  ---------------

Threads class SMR info:
_java_thread_list=0x000001f520457d10, length=15, elements={
0x000001f4c2b4ea50, 0x000001f4c2ab9e90, 0x000001f4c2abd1c0, 0x000001f4c2abfd20,
0x000001f4c2ac1990, 0x000001f4c2ac5b30, 0x000001f4c2ac9a60, 0x000001f4c2ae53a0,
0x000001f520021840, 0x000001f520210600, 0x000001f520339dc0, 0x000001f5203d3310,
0x000001f5208dced0, 0x000001f5203f09b0, 0x000001f5203f0320
}

Java Threads: ( => current thread )
  0x000001f4c2b4ea50 JavaThread "main"                              [_thread_blocked, id=21472, stack(0x0000000aaf000000,0x0000000aaf100000) (1024K)]
  0x000001f4c2ab9e90 JavaThread "Reference Handler"          daemon [_thread_blocked, id=20348, stack(0x0000000aaf400000,0x0000000aaf500000) (1024K)]
  0x000001f4c2abd1c0 JavaThread "Finalizer"                  daemon [_thread_blocked, id=16172, stack(0x0000000aaf500000,0x0000000aaf600000) (1024K)]
  0x000001f4c2abfd20 JavaThread "Signal Dispatcher"          daemon [_thread_blocked, id=7664, stack(0x0000000aaf600000,0x0000000aaf700000) (1024K)]
  0x000001f4c2ac1990 JavaThread "Attach Listener"            daemon [_thread_blocked, id=9960, stack(0x0000000aaf700000,0x0000000aaf800000) (1024K)]
  0x000001f4c2ac5b30 JavaThread "Service Thread"             daemon [_thread_blocked, id=17660, stack(0x0000000aaf800000,0x0000000aaf900000) (1024K)]
  0x000001f4c2ac9a60 JavaThread "Monitor Deflation Thread"   daemon [_thread_blocked, id=10228, stack(0x0000000aaf900000,0x0000000aafa00000) (1024K)]
=>0x000001f4c2ae53a0 JavaThread "C2 CompilerThread0"         daemon [_thread_in_native, id=11436, stack(0x0000000aafa00000,0x0000000aafb00000) (1024K)]
  0x000001f520021840 JavaThread "C1 CompilerThread0"         daemon [_thread_blocked, id=20620, stack(0x0000000aafb00000,0x0000000aafc00000) (1024K)]
  0x000001f520210600 JavaThread "Common-Cleaner"             daemon [_thread_blocked, id=7268, stack(0x0000000aafd00000,0x0000000aafe00000) (1024K)]
  0x000001f520339dc0 JavaThread "Notification Thread"        daemon [_thread_blocked, id=21520, stack(0x0000000aafe00000,0x0000000aaff00000) (1024K)]
  0x000001f5203d3310 JavaThread "C2 CompilerThread1"         daemon [_thread_blocked, id=11360, stack(0x0000000aafc00000,0x0000000aafd00000) (1024K)]
  0x000001f5208dced0 JavaThread "Active Thread: Equinox Container: 105ec02e-6721-4697-a995-617f7e39e85b"        [_thread_blocked, id=21544, stack(0x0000000ab0600000,0x0000000ab0700000) (1024K)]
  0x000001f5203f09b0 JavaThread "Framework Event Dispatcher: Equinox Container: 105ec02e-6721-4697-a995-617f7e39e85b" daemon [_thread_blocked, id=17056, stack(0x0000000ab0500000,0x0000000ab0600000) (1024K)]
  0x000001f5203f0320 JavaThread "Start Level: Equinox Container: 105ec02e-6721-4697-a995-617f7e39e85b" daemon [_thread_in_vm, id=19516, stack(0x0000000ab0700000,0x0000000ab0800000) (1024K)]
Total: 15

Other Threads:
  0x000001f4c2aa2660 VMThread "VM Thread"                           [id=2508, stack(0x0000000aaf300000,0x0000000aaf400000) (1024K)]
  0x000001f4c29dcb20 WatcherThread "VM Periodic Task Thread"        [id=1036, stack(0x0000000aaf200000,0x0000000aaf300000) (1024K)]
  0x000001f4c2b6dc10 WorkerThread "GC Thread#0"                     [id=6856, stack(0x0000000aaf100000,0x0000000aaf200000) (1024K)]
  0x000001f520a0eec0 WorkerThread "GC Thread#1"                     [id=12164, stack(0x0000000aaff00000,0x0000000ab0000000) (1024K)]
  0x000001f520a0e3b0 WorkerThread "GC Thread#2"                     [id=22408, stack(0x0000000ab0000000,0x0000000ab0100000) (1024K)]
  0x000001f520a0f270 WorkerThread "GC Thread#3"                     [id=17944, stack(0x0000000ab0100000,0x0000000ab0200000) (1024K)]
  0x000001f520a0e760 WorkerThread "GC Thread#4"                     [id=20476, stack(0x0000000ab0200000,0x0000000ab0300000) (1024K)]
  0x000001f520a0eb10 WorkerThread "GC Thread#5"                     [id=1048, stack(0x0000000ab0300000,0x0000000ab0400000) (1024K)]
  0x000001f520a0d8a0 WorkerThread "GC Thread#6"                     [id=18068, stack(0x0000000ab0400000,0x0000000ab0500000) (1024K)]
Total: 9

Threads with active compile tasks:
C2 CompilerThread0  11301 1729       4       java.io.WinNTFileSystem::normalize (143 bytes)
Total: 1

VM state: not at safepoint (normal execution)

VM Mutex/Monitor currently owned by a thread: None

Heap address: 0x0000000080000000, size: 2048 MB, Compressed Oops mode: 32-bit

CDS archive(s) mapped at: [0x000001f4da000000-0x000001f4daba0000-0x000001f4daba0000), size 12189696, SharedBaseAddress: 0x000001f4da000000, ArchiveRelocationMode: 1.
Compressed class space mapped at: 0x000001f4db000000-0x000001f51b000000, reserved size: 1073741824
Narrow klass base: 0x000001f4da000000, Narrow klass shift: 0, Narrow klass range: 0x100000000

GC Precious Log:
 CardTable entry size: 512
 CPUs: 8 total, 8 available
 Memory: 8000M
 Large Page Support: Disabled
 NUMA Support: Disabled
 Compressed Oops: Enabled (32-bit)
 Alignments: Space 512K, Generation 512K, Heap 2M
 Heap Min Capacity: 100M
 Heap Initial Capacity: 100M
 Heap Max Capacity: 2G
 Pre-touch: Disabled
 Parallel Workers: 8

Heap:
 PSYoungGen      total 29696K, used 28590K [0x00000000d5580000, 0x00000000d7680000, 0x0000000100000000)
  eden space 25600K, 98% used [0x00000000d5580000,0x00000000d6e35c58,0x00000000d6e80000)
  from space 4096K, 80% used [0x00000000d6e80000,0x00000000d71b5ea8,0x00000000d7280000)
  to   space 4096K, 0% used [0x00000000d7280000,0x00000000d7280000,0x00000000d7680000)
 ParOldGen       total 68608K, used 16K [0x0000000080000000, 0x0000000084300000, 0x00000000d5580000)
  object space 68608K, 0% used [0x0000000080000000,0x0000000080004000,0x0000000084300000)
 Metaspace       used 8118K, committed 8384K, reserved 1114112K
  class space    used 857K, committed 960K, reserved 1048576K

Card table byte_map: [0x000001f4c24f0000,0x000001f4c2900000] _byte_map_base: 0x000001f4c20f0000

Marking Bits: (ParMarkBitMap*) 0x00007fffd63644a0
 Begin Bits: [0x000001f4d5000000, 0x000001f4d7000000)
 End Bits:   [0x000001f4d7000000, 0x000001f4d9000000)

Polling page: 0x000001f4c09c0000

Metaspace:

Usage:
  Non-class:      7.09 MB used.
      Class:    859.27 KB used.
       Both:      7.93 MB used.

Virtual space:
  Non-class space:       64.00 MB reserved,       7.25 MB ( 11%) committed,  1 nodes.
      Class space:        1.00 GB reserved,     960.00 KB ( <1%) committed,  1 nodes.
             Both:        1.06 GB reserved,       8.19 MB ( <1%) committed. 

Chunk freelists:
   Non-Class:  8.72 MB
       Class:  14.88 MB
        Both:  23.60 MB

MaxMetaspaceSize: unlimited
CompressedClassSpaceSize: 1.00 GB
Initial GC threshold: 21.00 MB
Current GC threshold: 21.00 MB
CDS: on
 - commit_granule_bytes: 65536.
 - commit_granule_words: 8192.
 - virtual_space_node_default_size: 8388608.
 - enlarge_chunks_in_place: 1.
 - use_allocation_guard: 0.


Internal statistics:

num_allocs_failed_limit: 0.
num_arena_births: 234.
num_arena_deaths: 0.
num_vsnodes_births: 2.
num_vsnodes_deaths: 0.
num_space_committed: 131.
num_space_uncommitted: 0.
num_chunks_returned_to_freelist: 0.
num_chunks_taken_from_freelist: 437.
num_chunk_merges: 0.
num_chunk_splits: 281.
num_chunks_enlarged: 185.
num_inconsistent_stats: 0.

CodeHeap 'non-profiled nmethods': size=120000Kb used=778Kb max_used=778Kb free=119221Kb
 bounds [0x000001f4cd820000, 0x000001f4cda90000, 0x000001f4d4d50000]
CodeHeap 'profiled nmethods': size=120000Kb used=3232Kb max_used=3232Kb free=116767Kb
 bounds [0x000001f4c5d50000, 0x000001f4c6080000, 0x000001f4cd280000]
CodeHeap 'non-nmethods': size=5760Kb used=1217Kb max_used=1246Kb free=4543Kb
 bounds [0x000001f4cd280000, 0x000001f4cd4f0000, 0x000001f4cd820000]
CodeCache: size=245760Kb, used=5227Kb, max_used=5256Kb, free=240531Kb
 total_blobs=2262, nmethods=1779, adapters=390, full_count=0
Compilation: enabled, stopped_count=0, restarted_count=0

Compilation events (20 events):
Event: 9.093 Thread 0x000001f520021840 1735       3       sun.net.util.IPAddressUtil::checkUserInfo (44 bytes)
Event: 9.095 Thread 0x000001f520021840 nmethod 1735 0x000001f4c6058f90 code [0x000001f4c6059220, 0x000001f4c6059c68]
Event: 9.095 Thread 0x000001f520021840 1736       3       java.io.File::isAbsolute (8 bytes)
Event: 9.095 Thread 0x000001f520021840 nmethod 1736 0x000001f4c605a110 code [0x000001f4c605a2c0, 0x000001f4c605a410]
Event: 9.095 Thread 0x000001f520021840 1737       3       java.io.WinNTFileSystem::isAbsolute (36 bytes)
Event: 9.096 Thread 0x000001f520021840 nmethod 1737 0x000001f4c605a490 code [0x000001f4c605a6a0, 0x000001f4c605ad20]
Event: 9.098 Thread 0x000001f520021840 1738       3       java.net.URL::<init> (438 bytes)
Event: 9.098 Thread 0x000001f5203d3310 nmethod 1734 0x000001f4cd8de310 code [0x000001f4cd8de4a0, 0x000001f4cd8de640]
Event: 9.104 Thread 0x000001f520021840 nmethod 1738 0x000001f4c605b010 code [0x000001f4c605b6e0, 0x000001f4c605ea58]
Event: 9.105 Thread 0x000001f520021840 1739       3       java.lang.String::toCharArray (25 bytes)
Event: 9.106 Thread 0x000001f520021840 nmethod 1739 0x000001f4c605fe90 code [0x000001f4c6060060, 0x000001f4c60602f8]
Event: 9.106 Thread 0x000001f520021840 1740       3       java.lang.StringLatin1::toChars (16 bytes)
Event: 9.106 Thread 0x000001f520021840 nmethod 1740 0x000001f4c6060410 code [0x000001f4c60605c0, 0x000001f4c60607a0]
Event: 9.114 Thread 0x000001f520021840 1741       3       java.io.File::slashify (84 bytes)
Event: 11.113 Thread 0x000001f520021840 nmethod 1741 0x000001f4c6060890 code [0x000001f4c6060ba0, 0x000001f4c60618e8]
Event: 11.116 Thread 0x000001f5203d3310 1742 %     4       java.io.WinNTFileSystem::normalize @ 58 (224 bytes)
Event: 11.154 Thread 0x000001f520021840 1744       3       java.net.URLStreamHandler::<init> (5 bytes)
Event: 11.155 Thread 0x000001f520021840 nmethod 1744 0x000001f4c6061e90 code [0x000001f4c6062040, 0x000001f4c60621a8]
Event: 11.155 Thread 0x000001f520021840 1745       3       org.eclipse.osgi.internal.framework.EquinoxConfiguration::getProperty (9 bytes)
Event: 11.157 Thread 0x000001f520021840 nmethod 1745 0x000001f4c6062290 code [0x000001f4c60624e0, 0x000001f4c6062c78]

GC Heap History (2 events):
Event: 2.053 GC heap before
{Heap before GC invocations=1 (full 0):
 PSYoungGen      total 29696K, used 25600K [0x00000000d5580000, 0x00000000d7680000, 0x0000000100000000)
  eden space 25600K, 100% used [0x00000000d5580000,0x00000000d6e80000,0x00000000d6e80000)
  from space 4096K, 0% used [0x00000000d7280000,0x00000000d7280000,0x00000000d7680000)
  to   space 4096K, 0% used [0x00000000d6e80000,0x00000000d6e80000,0x00000000d7280000)
 ParOldGen       total 68608K, used 0K [0x0000000080000000, 0x0000000084300000, 0x00000000d5580000)
  object space 68608K, 0% used [0x0000000080000000,0x0000000080000000,0x0000000084300000)
 Metaspace       used 4325K, committed 4544K, reserved 1114112K
  class space    used 474K, committed 576K, reserved 1048576K
}
Event: 2.068 GC heap after
{Heap after GC invocations=1 (full 0):
 PSYoungGen      total 29696K, used 3287K [0x00000000d5580000, 0x00000000d7680000, 0x0000000100000000)
  eden space 25600K, 0% used [0x00000000d5580000,0x00000000d5580000,0x00000000d6e80000)
  from space 4096K, 80% used [0x00000000d6e80000,0x00000000d71b5ea8,0x00000000d7280000)
  to   space 4096K, 0% used [0x00000000d7280000,0x00000000d7280000,0x00000000d7680000)
 ParOldGen       total 68608K, used 16K [0x0000000080000000, 0x0000000084300000, 0x00000000d5580000)
  object space 68608K, 0% used [0x0000000080000000,0x0000000080004000,0x0000000084300000)
 Metaspace       used 4325K, committed 4544K, reserved 1114112K
  class space    used 474K, committed 576K, reserved 1048576K
}

Dll operation events (16 events):
Event: 0.028 Attempting to load shared library c:\Users\USER\.vscode\extensions\redhat.java-1.56.0-win32-x64\jre\21.0.12.1-win32-x86_64\bin\java.dll
Event: 0.028 Loaded shared library c:\Users\USER\.vscode\extensions\redhat.java-1.56.0-win32-x64\jre\21.0.12.1-win32-x86_64\bin\java.dll
Event: 0.158 Attempting to load shared library c:\Users\USER\.vscode\extensions\redhat.java-1.56.0-win32-x64\jre\21.0.12.1-win32-x86_64\bin\zip.dll
Event: 0.159 Loaded shared library c:\Users\USER\.vscode\extensions\redhat.java-1.56.0-win32-x64\jre\21.0.12.1-win32-x86_64\bin\zip.dll
Event: 0.206 Attempting to load shared library C:\Users\USER\.vscode\extensions\redhat.java-1.56.0-win32-x64\jre\21.0.12.1-win32-x86_64\bin\instrument.dll
Event: 0.206 Loaded shared library C:\Users\USER\.vscode\extensions\redhat.java-1.56.0-win32-x64\jre\21.0.12.1-win32-x86_64\bin\instrument.dll
Event: 0.216 Attempting to load shared library C:\Users\USER\.vscode\extensions\redhat.java-1.56.0-win32-x64\jre\21.0.12.1-win32-x86_64\bin\net.dll
Event: 0.219 Loaded shared library C:\Users\USER\.vscode\extensions\redhat.java-1.56.0-win32-x64\jre\21.0.12.1-win32-x86_64\bin\net.dll
Event: 0.223 Attempting to load shared library C:\Users\USER\.vscode\extensions\redhat.java-1.56.0-win32-x64\jre\21.0.12.1-win32-x86_64\bin\nio.dll
Event: 0.223 Loaded shared library C:\Users\USER\.vscode\extensions\redhat.java-1.56.0-win32-x64\jre\21.0.12.1-win32-x86_64\bin\nio.dll
Event: 0.232 Attempting to load shared library C:\Users\USER\.vscode\extensions\redhat.java-1.56.0-win32-x64\jre\21.0.12.1-win32-x86_64\bin\zip.dll
Event: 0.232 Loaded shared library C:\Users\USER\.vscode\extensions\redhat.java-1.56.0-win32-x64\jre\21.0.12.1-win32-x86_64\bin\zip.dll
Event: 0.275 Attempting to load shared library C:\Users\USER\.vscode\extensions\redhat.java-1.56.0-win32-x64\jre\21.0.12.1-win32-x86_64\bin\jimage.dll
Event: 0.275 Loaded shared library C:\Users\USER\.vscode\extensions\redhat.java-1.56.0-win32-x64\jre\21.0.12.1-win32-x86_64\bin\jimage.dll
Event: 0.417 Attempting to load shared library c:\Users\USER\.vscode\extensions\redhat.java-1.56.0-win32-x64\jre\21.0.12.1-win32-x86_64\bin\verify.dll
Event: 0.418 Loaded shared library c:\Users\USER\.vscode\extensions\redhat.java-1.56.0-win32-x64\jre\21.0.12.1-win32-x86_64\bin\verify.dll

Deoptimization events (20 events):
Event: 6.601 Thread 0x000001f4c2b4ea50 Uncommon trap: trap_request=0xffffffde fr.pc=0x000001f4cd84ff7c relative=0x00000000000004bc
Event: 6.601 Thread 0x000001f4c2b4ea50 Uncommon trap: reason=class_check action=maybe_recompile pc=0x000001f4cd84ff7c method=java.util.HashMap.putVal(ILjava/lang/Object;Ljava/lang/Object;ZZ)Ljava/lang/Object; @ 253 c2
Event: 6.601 Thread 0x000001f4c2b4ea50 DEOPT PACKING pc=0x000001f4cd84ff7c sp=0x0000000aaf0fe510
Event: 6.602 Thread 0x000001f4c2b4ea50 DEOPT UNPACKING pc=0x000001f4cd2d3aa2 sp=0x0000000aaf0fe4d0 mode 2
Event: 7.808 Thread 0x000001f4c2b4ea50 DEOPT PACKING pc=0x000001f4c5e18fbc sp=0x0000000aaf0fc5f0
Event: 7.809 Thread 0x000001f4c2b4ea50 DEOPT UNPACKING pc=0x000001f4cd2d4242 sp=0x0000000aaf0fbb10 mode 0
Event: 7.828 Thread 0x000001f4c2b4ea50 DEOPT PACKING pc=0x000001f4c5e5d10b sp=0x0000000aaf0fcef0
Event: 7.828 Thread 0x000001f4c2b4ea50 DEOPT UNPACKING pc=0x000001f4cd2d4242 sp=0x0000000aaf0fc368 mode 0
Event: 7.829 Thread 0x000001f4c2b4ea50 DEOPT PACKING pc=0x000001f4c5ec9988 sp=0x0000000aaf0fc860
Event: 8.829 Thread 0x000001f4c2b4ea50 DEOPT UNPACKING pc=0x000001f4cd2d4242 sp=0x0000000aaf0fbce0 mode 0
Event: 8.832 Thread 0x000001f4c2b4ea50 DEOPT PACKING pc=0x000001f4c5e47086 sp=0x0000000aaf0fc720
Event: 8.832 Thread 0x000001f4c2b4ea50 DEOPT UNPACKING pc=0x000001f4cd2d4242 sp=0x0000000aaf0fbba0 mode 0
Event: 8.838 Thread 0x000001f4c2b4ea50 DEOPT PACKING pc=0x000001f4c5ec9988 sp=0x0000000aaf0fcb70
Event: 8.838 Thread 0x000001f4c2b4ea50 DEOPT UNPACKING pc=0x000001f4cd2d4242 sp=0x0000000aaf0fbff0 mode 0
Event: 8.843 Thread 0x000001f4c2b4ea50 DEOPT PACKING pc=0x000001f4c5e47086 sp=0x0000000aaf0fc970
Event: 8.843 Thread 0x000001f4c2b4ea50 DEOPT UNPACKING pc=0x000001f4cd2d4242 sp=0x0000000aaf0fbdf0 mode 0
Event: 8.843 Thread 0x000001f4c2b4ea50 DEOPT PACKING pc=0x000001f4c5ec9988 sp=0x0000000aaf0fcac0
Event: 8.843 Thread 0x000001f4c2b4ea50 DEOPT UNPACKING pc=0x000001f4cd2d4242 sp=0x0000000aaf0fbf40 mode 0
Event: 8.846 Thread 0x000001f4c2b4ea50 DEOPT PACKING pc=0x000001f4c5ec9988 sp=0x0000000aaf0fcdc0
Event: 8.846 Thread 0x000001f4c2b4ea50 DEOPT UNPACKING pc=0x000001f4cd2d4242 sp=0x0000000aaf0fc240 mode 0

Classes loaded (20 events):
Event: 7.815 Loading class javax/xml/parsers/ParserConfigurationException
Event: 7.815 Loading class javax/xml/parsers/ParserConfigurationException done
Event: 7.821 Loading class java/security/KeyStoreException
Event: 7.821 Loading class java/security/KeyStoreException done
Event: 8.925 Loading class java/util/LinkedList$ListItr
Event: 8.926 Loading class java/util/LinkedList$ListItr done
Event: 8.930 Loading class java/lang/Thread$Builder$OfPlatform
Event: 8.931 Loading class java/lang/Thread$Builder
Event: 8.931 Loading class java/lang/Thread$Builder done
Event: 8.932 Loading class java/lang/Thread$Builder$OfPlatform done
Event: 8.932 Loading class java/lang/Thread$Builder$OfVirtual
Event: 8.932 Loading class java/lang/Thread$Builder$OfVirtual done
Event: 8.986 Loading class sun/nio/fs/WindowsChannelFactory
Event: 8.987 Loading class sun/nio/fs/WindowsChannelFactory done
Event: 8.987 Loading class sun/nio/fs/WindowsChannelFactory$1
Event: 8.988 Loading class sun/nio/fs/WindowsChannelFactory$1 done
Event: 8.988 Loading class sun/nio/fs/WindowsChannelFactory$Flags
Event: 8.989 Loading class sun/nio/fs/WindowsChannelFactory$Flags done
Event: 8.990 Loading class sun/nio/ch/FileChannelImpl$Closer
Event: 8.991 Loading class sun/nio/ch/FileChannelImpl$Closer done

Classes unloaded (0 events):
No events

Classes redefined (0 events):
No events

Internal exceptions (20 events):
Event: 1.598 Thread 0x000001f4c2b4ea50 Exception <a 'java/lang/NoSuchMethodError'{0x00000000d660ea08}: 'java.lang.Object java.lang.invoke.DirectMethodHandle$Holder.invokeInterface(java.lang.Object, java.lang.Object, int)'> (0x00000000d660ea08) 
thrown [s\src\hotspot\share\interpreter\linkResolver.cpp, line 773]
Event: 1.916 Thread 0x000001f4c2b4ea50 Exception <a 'java/lang/NoSuchMethodError'{0x00000000d6a93130}: 'java.lang.ClassLoader java.lang.ClassLoader.getPlatformClassLoader(java.lang.Class)'> (0x00000000d6a93130) 
thrown [s\src\hotspot\share\interpreter\linkResolver.cpp, line 773]
Event: 2.095 Thread 0x000001f4c2b4ea50 Exception <a 'java/lang/ClassNotFoundException'{0x00000000d55cc0d8}: sun/net/www/protocol/c/Handler> (0x00000000d55cc0d8) 
thrown [s\src\hotspot\share\classfile\systemDictionary.cpp, line 313]
Event: 2.096 Thread 0x000001f4c2b4ea50 Exception <a 'java/lang/ClassNotFoundException'{0x00000000d55cd430}: sun/net/www/protocol/d/Handler> (0x00000000d55cd430) 
thrown [s\src\hotspot\share\classfile\systemDictionary.cpp, line 313]
Event: 2.096 Thread 0x000001f4c2b4ea50 Exception <a 'java/lang/ClassNotFoundException'{0x00000000d55ce5a8}: sun/net/www/protocol/c/Handler> (0x00000000d55ce5a8) 
thrown [s\src\hotspot\share\classfile\systemDictionary.cpp, line 313]
Event: 2.131 Thread 0x000001f4c2b4ea50 Exception <a 'java/io/FileNotFoundException'{0x00000000d55f6188}> (0x00000000d55f6188) 
thrown [s\src\hotspot\share\prims\jni.cpp, line 520]
Event: 2.249 Thread 0x000001f4c2b4ea50 Implicit null exception at 0x000001f4cd87f229 to 0x000001f4cd87fadc
Event: 2.249 Thread 0x000001f4c2b4ea50 Implicit null exception at 0x000001f4cd886a9a to 0x000001f4cd886cb4
Event: 2.250 Thread 0x000001f4c2b4ea50 Exception <a 'java/lang/NoSuchMethodError'{0x00000000d5728998}: 'void java.lang.invoke.DirectMethodHandle$Holder.invokeStatic(java.lang.Object, java.lang.Object, java.lang.Object, java.lang.Object)'> (0x00000000d5728998) 
thrown [s\src\hotspot\share\interpreter\linkResolver.cpp, line 773]
Event: 2.254 Thread 0x000001f4c2b4ea50 Implicit null exception at 0x000001f4cd88719a to 0x000001f4cd8873bc
Event: 2.254 Thread 0x000001f4c2b4ea50 Implicit null exception at 0x000001f4cd883040 to 0x000001f4cd8830c5
Event: 2.413 Thread 0x000001f4c2b4ea50 Exception <a 'java/lang/NoSuchMethodError'{0x00000000d59e8660}: 'void java.lang.invoke.DirectMethodHandle$Holder.invokeSpecial(java.lang.Object, java.lang.Object, java.lang.Object)'> (0x00000000d59e8660) 
thrown [s\src\hotspot\share\interpreter\linkResolver.cpp, line 773]
Event: 4.092 Thread 0x000001f4c2b4ea50 Exception <a 'java/lang/NoSuchMethodError'{0x00000000d62e21b8}: 'int java.lang.invoke.DirectMethodHandle$Holder.invokeVirtual(java.lang.Object, java.lang.Object)'> (0x00000000d62e21b8) 
thrown [s\src\hotspot\share\interpreter\linkResolver.cpp, line 773]
Event: 5.256 Thread 0x000001f4c2b4ea50 Exception <a 'java/lang/NoSuchMethodError'{0x00000000d6456fe8}: 'int java.lang.invoke.DirectMethodHandle$Holder.invokeStaticInit(java.lang.Object, java.lang.Object, java.lang.Object, java.lang.Object)'> (0x00000000d6456fe8) 
thrown [s\src\hotspot\share\interpreter\linkResolver.cpp, line 773]
Event: 5.258 Thread 0x000001f4c2b4ea50 Exception <a 'java/lang/IncompatibleClassChangeError'{0x00000000d645f938}: Found class java.lang.Object, but interface was expected> (0x00000000d645f938) 
thrown [s\src\hotspot\share\interpreter\linkResolver.cpp, line 840]
Event: 5.260 Thread 0x000001f4c2b4ea50 Exception <a 'java/lang/NoSuchMethodError'{0x00000000d6465ec8}: 'void java.lang.invoke.DirectMethodHandle$Holder.invokeStaticInit(java.lang.Object, java.lang.Object)'> (0x00000000d6465ec8) 
thrown [s\src\hotspot\share\interpreter\linkResolver.cpp, line 773]
Event: 5.261 Thread 0x000001f4c2b4ea50 Exception <a 'java/lang/NoSuchMethodError'{0x00000000d646f0c0}: 'int java.lang.invoke.DirectMethodHandle$Holder.invokeStaticInit(java.lang.Object, java.lang.Object)'> (0x00000000d646f0c0) 
thrown [s\src\hotspot\share\interpreter\linkResolver.cpp, line 773]
Event: 6.543 Thread 0x000001f4c2b4ea50 Exception <a 'java/lang/NoSuchMethodError'{0x00000000d66b9300}: 'java.lang.Object java.lang.invoke.DirectMethodHandle$Holder.newInvokeSpecial(java.lang.Object, int, java.lang.Object)'> (0x00000000d66b9300) 
thrown [s\src\hotspot\share\interpreter\linkResolver.cpp, line 773]
Event: 7.772 Thread 0x000001f4c2b4ea50 Exception <a 'java/lang/ClassNotFoundException'{0x00000000d68d2820}: sun/net/www/protocol/plurl/Handler> (0x00000000d68d2820) 
thrown [s\src\hotspot\share\classfile\systemDictionary.cpp, line 313]
Event: 7.772 Thread 0x000001f4c2b4ea50 Exception <a 'java/lang/ClassNotFoundException'{0x00000000d68d36a0}: sun/net/www/protocol/plurl/Handler> (0x00000000d68d36a0) 
thrown [s\src\hotspot\share\classfile\systemDictionary.cpp, line 313]

ZGC Phase Switch (0 events):
No events

VM Operations (20 events):
Event: 2.053 Executing safepoint VM operation: ParallelGCFailedAllocation (Allocation Failure)
Event: 2.068 Executing safepoint VM operation: ParallelGCFailedAllocation (Allocation Failure) done
Event: 3.068 Executing safepoint VM operation: Cleanup
Event: 3.068 Executing safepoint VM operation: Cleanup done
Event: 5.070 Executing safepoint VM operation: Cleanup
Event: 5.070 Executing safepoint VM operation: Cleanup done
Event: 6.072 Executing safepoint VM operation: Cleanup
Event: 6.290 Executing safepoint VM operation: Cleanup done
Event: 6.415 Executing non-safepoint VM operation: HandshakeAllThreads (Deoptimize)
Event: 6.415 Executing non-safepoint VM operation: HandshakeAllThreads (Deoptimize) done
Event: 6.480 Executing non-safepoint VM operation: HandshakeAllThreads (Deoptimize)
Event: 6.480 Executing non-safepoint VM operation: HandshakeAllThreads (Deoptimize) done
Event: 7.479 Executing safepoint VM operation: Cleanup
Event: 7.479 Executing safepoint VM operation: Cleanup done
Event: 7.746 Executing non-safepoint VM operation: HandshakeAllThreads (Deoptimize)
Event: 7.746 Executing non-safepoint VM operation: HandshakeAllThreads (Deoptimize) done
Event: 8.746 Executing safepoint VM operation: Cleanup
Event: 8.831 Executing safepoint VM operation: Cleanup done
Event: 9.833 Executing safepoint VM operation: Cleanup
Event: 11.116 Executing safepoint VM operation: Cleanup done

Memory protections (0 events):
No events

Nmethod flushes (0 events):
No events

Events (20 events):
Event: 0.095 Thread 0x000001f4c2b4ea50 Thread added: 0x000001f4c2ab9e90
Event: 0.095 Thread 0x000001f4c2b4ea50 Thread added: 0x000001f4c2abd1c0
Event: 0.096 Thread 0x000001f4c2b4ea50 Thread added: 0x000001f4c2abfd20
Event: 0.097 Thread 0x000001f4c2b4ea50 Thread added: 0x000001f4c2ac1990
Event: 0.097 Thread 0x000001f4c2b4ea50 Thread added: 0x000001f4c2ac5b30
Event: 0.097 Thread 0x000001f4c2b4ea50 Thread added: 0x000001f4c2ac9a60
Event: 0.098 Thread 0x000001f4c2b4ea50 Thread added: 0x000001f4c2ae53a0
Event: 0.098 Thread 0x000001f4c2b4ea50 Thread added: 0x000001f520021840
Event: 0.181 Thread 0x000001f520021840 Thread added: 0x000001f5201f2f00
Event: 0.211 Thread 0x000001f4c2b4ea50 Thread added: 0x000001f520210600
Event: 0.644 Thread 0x000001f4c2b4ea50 Thread added: 0x000001f520339dc0
Event: 0.814 Thread 0x000001f5201f2f00 Thread exited: 0x000001f5201f2f00
Event: 0.990 Thread 0x000001f520021840 Thread added: 0x000001f52042aae0
Event: 0.991 Thread 0x000001f520021840 Thread added: 0x000001f52042b5a0
Event: 1.720 Thread 0x000001f52042b5a0 Thread exited: 0x000001f52042b5a0
Event: 2.252 Thread 0x000001f52042aae0 Thread exited: 0x000001f52042aae0
Event: 2.523 Thread 0x000001f520021840 Thread added: 0x000001f5203d3310
Event: 2.545 Thread 0x000001f520021840 Thread added: 0x000001f5208b9f30
Event: 6.296 Thread 0x000001f4c2b4ea50 Thread added: 0x000001f5208dced0
Event: 7.753 Thread 0x000001f5208b9f30 Thread exited: 0x000001f5208b9f30


Dynamic libraries:
0x00007ff7361d0000 - 0x00007ff7361de000 	c:\Users\USER\.vscode\extensions\redhat.java-1.56.0-win32-x64\jre\21.0.12.1-win32-x86_64\bin\java.exe
0x00007ff8b9520000 - 0x00007ff8b9788000 	C:\WINDOWS\SYSTEM32\ntdll.dll
0x00007ff8b7570000 - 0x00007ff8b7639000 	C:\WINDOWS\System32\KERNEL32.DLL
0x00007ff8b69c0000 - 0x00007ff8b6db8000 	C:\WINDOWS\System32\KERNELBASE.dll
0x00007ff8b6670000 - 0x00007ff8b67bb000 	C:\WINDOWS\System32\ucrtbase.dll
0x00007ff8ac510000 - 0x00007ff8ac528000 	c:\Users\USER\.vscode\extensions\redhat.java-1.56.0-win32-x64\jre\21.0.12.1-win32-x86_64\bin\jli.dll
0x00007ff8a41b0000 - 0x00007ff8a41ce000 	c:\Users\USER\.vscode\extensions\redhat.java-1.56.0-win32-x64\jre\21.0.12.1-win32-x86_64\bin\VCRUNTIME140.dll
0x00007ff8b8430000 - 0x00007ff8b85f7000 	C:\WINDOWS\System32\USER32.dll
0x00007ff89f2c0000 - 0x00007ff89f554000 	C:\WINDOWS\WinSxS\amd64_microsoft.windows.common-controls_6595b64144ccf1df_6.0.26100.7019_none_3e06ffa0e335b8a8\COMCTL32.dll
0x00007ff8b7290000 - 0x00007ff8b72b7000 	C:\WINDOWS\System32\win32u.dll
0x00007ff8b7700000 - 0x00007ff8b77a9000 	C:\WINDOWS\System32\msvcrt.dll
0x00007ff8b76d0000 - 0x00007ff8b76fb000 	C:\WINDOWS\System32\GDI32.dll
0x00007ff8b70b0000 - 0x00007ff8b71dc000 	C:\WINDOWS\System32\gdi32full.dll
0x00007ff8b67c0000 - 0x00007ff8b6863000 	C:\WINDOWS\System32\msvcp_win.dll
0x00007ff8b94a0000 - 0x00007ff8b94d1000 	C:\WINDOWS\System32\IMM32.DLL
0x00007ff8ac500000 - 0x00007ff8ac50c000 	c:\Users\USER\.vscode\extensions\redhat.java-1.56.0-win32-x64\jre\21.0.12.1-win32-x86_64\bin\vcruntime140_1.dll
0x00007ff86b9f0000 - 0x00007ff86ba7d000 	c:\Users\USER\.vscode\extensions\redhat.java-1.56.0-win32-x64\jre\21.0.12.1-win32-x86_64\bin\msvcp140.dll
0x00007fffd56a0000 - 0x00007fffd6442000 	c:\Users\USER\.vscode\extensions\redhat.java-1.56.0-win32-x64\jre\21.0.12.1-win32-x86_64\bin\server\jvm.dll
0x00007ff8b7f80000 - 0x00007ff8b8034000 	C:\WINDOWS\System32\ADVAPI32.dll
0x00007ff8b8380000 - 0x00007ff8b8426000 	C:\WINDOWS\System32\sechost.dll
0x00007ff8b8610000 - 0x00007ff8b8728000 	C:\WINDOWS\System32\RPCRT4.dll
0x00007ff8b8730000 - 0x00007ff8b87a4000 	C:\WINDOWS\System32\WS2_32.dll
0x00007ff8b64d0000 - 0x00007ff8b652e000 	C:\WINDOWS\SYSTEM32\POWRPROF.dll
0x00007ff8a4600000 - 0x00007ff8a4635000 	C:\WINDOWS\SYSTEM32\WINMM.dll
0x00007ff8ac460000 - 0x00007ff8ac46b000 	C:\WINDOWS\SYSTEM32\VERSION.dll
0x00007ff8b64b0000 - 0x00007ff8b64c4000 	C:\WINDOWS\SYSTEM32\UMPDC.dll
0x00007ff8b5430000 - 0x00007ff8b544b000 	C:\WINDOWS\SYSTEM32\kernel.appcore.dll
0x00007ff8a41a0000 - 0x00007ff8a41aa000 	c:\Users\USER\.vscode\extensions\redhat.java-1.56.0-win32-x64\jre\21.0.12.1-win32-x86_64\bin\jimage.dll
0x00007ff8b0dc0000 - 0x00007ff8b1002000 	C:\WINDOWS\SYSTEM32\DBGHELP.DLL
0x00007ff8b9010000 - 0x00007ff8b939b000 	C:\WINDOWS\System32\combase.dll
0x00007ff8b8040000 - 0x00007ff8b8117000 	C:\WINDOWS\System32\OLEAUT32.dll
0x00007ff896f20000 - 0x00007ff896f5c000 	C:\WINDOWS\SYSTEM32\dbgcore.DLL
0x00007ff8b71e0000 - 0x00007ff8b7285000 	C:\WINDOWS\System32\bcryptPrimitives.dll
0x00007ff8a4190000 - 0x00007ff8a419f000 	c:\Users\USER\.vscode\extensions\redhat.java-1.56.0-win32-x64\jre\21.0.12.1-win32-x86_64\bin\instrument.dll
0x00007ff8a4170000 - 0x00007ff8a4190000 	c:\Users\USER\.vscode\extensions\redhat.java-1.56.0-win32-x64\jre\21.0.12.1-win32-x86_64\bin\java.dll
0x00007ff8b77b0000 - 0x00007ff8b7eff000 	C:\WINDOWS\System32\SHELL32.dll
0x00007ff8b6f40000 - 0x00007ff8b70ab000 	C:\WINDOWS\System32\wintypes.dll
0x00007ff8b42d0000 - 0x00007ff8b4b2d000 	C:\WINDOWS\SYSTEM32\windows.storage.dll
0x00007ff8b8810000 - 0x00007ff8b8902000 	C:\WINDOWS\System32\SHCORE.dll
0x00007ff8b7f10000 - 0x00007ff8b7f77000 	C:\WINDOWS\System32\shlwapi.dll
0x00007ff8b6590000 - 0x00007ff8b65b9000 	C:\WINDOWS\SYSTEM32\profapi.dll
0x00007ff89e060000 - 0x00007ff89e078000 	c:\Users\USER\.vscode\extensions\redhat.java-1.56.0-win32-x64\jre\21.0.12.1-win32-x86_64\bin\zip.dll
0x00007ff8a4140000 - 0x00007ff8a4150000 	C:\Users\USER\.vscode\extensions\redhat.java-1.56.0-win32-x64\jre\21.0.12.1-win32-x86_64\bin\net.dll
0x00007ff8ab530000 - 0x00007ff8ab658000 	C:\WINDOWS\SYSTEM32\WINHTTP.dll
0x00007ff8b59a0000 - 0x00007ff8b5a0b000 	C:\WINDOWS\system32\mswsock.dll
0x00007ff896f70000 - 0x00007ff896f86000 	C:\Users\USER\.vscode\extensions\redhat.java-1.56.0-win32-x64\jre\21.0.12.1-win32-x86_64\bin\nio.dll
0x00007ff89f8c0000 - 0x00007ff89f8d0000 	c:\Users\USER\.vscode\extensions\redhat.java-1.56.0-win32-x64\jre\21.0.12.1-win32-x86_64\bin\verify.dll
0x00007ff86b9a0000 - 0x00007ff86b9e5000 	C:\Users\USER\AppData\Roaming\Code\User\globalStorage\redhat.java\1.56.0\config_ss_win\org.eclipse.equinox.launcher\org.eclipse.equinox.launcher.win32.win32.x86_64_1.3.100.v20260804-1928\eclipse_11924.dll
0x00007ff8b8120000 - 0x00007ff8b82b7000 	C:\WINDOWS\System32\ole32.dll

JVMTI agents:
c:\Users\USER\.vscode\extensions\redhat.java-1.56.0-win32-x64\lombok\lombok-1.18.39-4050.jar path:c:\Users\USER\.vscode\extensions\redhat.java-1.56.0-win32-x64\jre\21.0.12.1-win32-x86_64\bin\instrument.dll, loaded, initialized, instrumentlib options:none

dbghelp: loaded successfully - version: 4.0.5 - missing functions: none
symbol engine: initialized successfully - sym options: 0x614 - pdb path: .;c:\Users\USER\.vscode\extensions\redhat.java-1.56.0-win32-x64\jre\21.0.12.1-win32-x86_64\bin;C:\WINDOWS\SYSTEM32;C:\WINDOWS\WinSxS\amd64_microsoft.windows.common-controls_6595b64144ccf1df_6.0.26100.7019_none_3e06ffa0e335b8a8;c:\Users\USER\.vscode\extensions\redhat.java-1.56.0-win32-x64\jre\21.0.12.1-win32-x86_64\bin\server;C:\Users\USER\AppData\Roaming\Code\User\globalStorage\redhat.java\1.56.0\config_ss_win\org.eclipse.equinox.launcher\org.eclipse.equinox.launcher.win32.win32.x86_64_1.3.100.v20260804-1928

VM Arguments:
jvm_args: --add-modules=ALL-SYSTEM --add-opens=java.base/java.util=ALL-UNNAMED --add-opens=java.base/java.lang=ALL-UNNAMED --add-opens=java.base/sun.nio.fs=ALL-UNNAMED -Declipse.application=org.eclipse.jdt.ls.core.id1 -Dosgi.bundles.defaultStartLevel=4 -Declipse.product=org.eclipse.jdt.ls.core.product -Djava.import.generatesMetadataFilesAtProjectRoot=false -Dm2e.project.cache.size=50 -DDetectVMInstallationsJob.disabled=true -Dfile.encoding=utf8 -XX:+UseParallelGC -XX:GCTimeRatio=4 -XX:AdaptiveSizePolicyWeight=90 -Dsun.zip.disableMemoryMapping=true -Xmx2G -Xms100m -Xlog:disable -javaagent:c:\Users\USER\.vscode\extensions\redhat.java-1.56.0-win32-x64\lombok\lombok-1.18.39-4050.jar 
java_command: c:\Users\USER\.vscode\extensions\redhat.java-1.56.0-win32-x64\server\plugins\org.eclipse.equinox.launcher_1.8.0.v20260804-1928.jar -configuration c:\Users\USER\AppData\Roaming\Code\User\globalStorage\redhat.java\1.56.0\config_ss_win -data c:\Users\USER\AppData\Roaming\Code\User\workspaceStorage\f70bfde09dcb45074b2506ad71c3a1d0\redhat.java\ss_ws --pipe=\\.\pipe\lsp-df958a06f4c3225a1c7e7e7b71031cb6-sock
java_class_path (initial): c:\Users\USER\.vscode\extensions\redhat.java-1.56.0-win32-x64\server\plugins\org.eclipse.equinox.launcher_1.8.0.v20260804-1928.jar
Launcher Type: SUN_STANDARD

[Global flags]
    uintx AdaptiveSizePolicyWeight                 = 90                                        {product} {command line}
     intx CICompilerCount                          = 4                                         {product} {ergonomic}
    uintx GCTimeRatio                              = 4                                         {product} {command line}
   size_t InitialHeapSize                          = 104857600                                 {product} {command line}
   size_t MaxHeapSize                              = 2147483648                                {product} {command line}
   size_t MaxNewSize                               = 715653120                                 {product} {ergonomic}
   size_t MinHeapDeltaBytes                        = 524288                                    {product} {ergonomic}
   size_t MinHeapSize                              = 104857600                                 {product} {command line}
   size_t NewSize                                  = 34603008                                  {product} {ergonomic}
    uintx NonNMethodCodeHeapSize                   = 5839372                                {pd product} {ergonomic}
    uintx NonProfiledCodeHeapSize                  = 122909434                              {pd product} {ergonomic}
   size_t OldSize                                  = 70254592                                  {product} {ergonomic}
    uintx ProfiledCodeHeapSize                     = 122909434                              {pd product} {ergonomic}
    uintx ReservedCodeCacheSize                    = 251658240                              {pd product} {ergonomic}
     bool SegmentedCodeCache                       = true                                      {product} {ergonomic}
   size_t SoftMaxHeapSize                          = 2147483648                             {manageable} {ergonomic}
     bool UseCompressedOops                        = true                           {product lp64_product} {ergonomic}
     bool UseLargePagesIndividualAllocation        = false                                  {pd product} {ergonomic}
     bool UseParallelGC                            = true                                      {product} {command line}

Logging:
Log output configuration:
 #0: stdout all=off uptime,level,tags foldmultilines=false
 #1: stderr all=off uptime,level,tags foldmultilines=false

Release file:
JAVA_VERSION="21.0.12.1" 
MODULES="java.base java.compiler java.datatransfer java.xml java.prefs java.desktop java.instrument java.logging java.management java.security.sasl java.naming java.rmi java.management.rmi java.net.http java.scripting java.security.jgss java.transaction.xa java.sql java.sql.rowset java.xml.crypto java.se java.smartcardio jdk.accessibility jdk.internal.jvmstat jdk.attach jdk.charsets jdk.internal.opt jdk.zipfs jdk.compiler jdk.crypto.ec jdk.crypto.cryptoki jdk.crypto.mscapi jdk.dynalink jdk.internal.ed jdk.editpad jdk.hotspot.agent jdk.httpserver jdk.internal.le jdk.internal.vm.ci jdk.internal.vm.compiler jdk.internal.vm.compiler.management jdk.jartool jdk.javadoc jdk.jcmd jdk.management jdk.management.agent jdk.jconsole jdk.jdeps jdk.jdwp.agent jdk.jdi jdk.jfr jdk.jshell jdk.jsobject jdk.jstatd jdk.localedata jdk.management.jfr jdk.naming.dns jdk.naming.rmi jdk.net jdk.nio.mapmode jdk.random jdk.sctp jdk.security.auth jdk.security.jgss jdk.unsupported jdk.unsupported.desktop jdk.xml.dom" 

Environment Variables:
PATH=C:\Program Files\Common Files\Oracle\Java\javapath;C:\Program Files (x86)\Common Files\Intel\Shared Files\cpp\bin\Intel64;C:\WINDOWS\system32;C:\WINDOWS;C:\WINDOWS\System32\Wbem;C:\WINDOWS\System32\WindowsPowerShell\v1.0\;C:\WINDOWS\System32\OpenSSH\;C:\Program Files\dotnet\;C:\Program Files\Git\cmd;C:\Users\USER\AppData\Local\Microsoft\WindowsApps;C:\Users\USER\AppData\Local\Programs\Microsoft VS Code\bin;C:\Program Files\Java\jdk\bin;;C:\Users\USER\AppData\Local\spicetify
USERNAME=USER
OS=Windows_NT
PROCESSOR_IDENTIFIER=Intel64 Family 6 Model 142 Stepping 10, GenuineIntel
TMP=C:\Users\USER\AppData\Local\Temp
TEMP=C:\Users\USER\AppData\Local\Temp




Periodic native trim disabled

---------------  S Y S T E M  ---------------

OS:
 Windows 11 , 64 bit Build 26100 (10.0.26100.7019)
OS uptime: 0 days 19:18 hours

CPU: total 8 (initial active 8) (4 cores per cpu, 2 threads per core) family 6 model 142 stepping 10 microcode 0xf6, cx8, cmov, fxsr, ht, mmx, 3dnowpref, sse, sse2, sse3, ssse3, sse4.1, sse4.2, popcnt, lzcnt, tsc, tscinvbit, avx, avx2, aes, erms, clmul, bmi1, bmi2, rtm, adx, fma, vzeroupper, clflush, clflushopt, rdtscp, f16c
Processor Information for the first 8 processors :
  Max Mhz: 1896, Current Mhz: 1696, Mhz Limit: 1687

Memory: 4k page, system-wide physical 8000M (581M free)
TotalPageFile size 20394M (AvailPageFile size 8M)
current process WorkingSet (physical memory assigned to process): 92M, peak: 93M
current process commit charge ("private bytes"): 240M, peak: 243M

vm_info: OpenJDK 64-Bit Server VM (21.0.12.1+1-LTS) for windows-amd64 JRE (21.0.12.1+1-LTS), built on 2026-08-18T00:00:00Z by "admin" with MS VC++ 17.12 (VS2022)

END.
